
===========================================================================
 report_power
============================================================================
======================= nom_tt_025C_1v80 Corner ===================================

Group                    Internal    Switching      Leakage        Total
                            Power        Power        Power        Power (Watts)
------------------------------------------------------------------------
Sequential           9.780574e-01 2.344781e-01 2.032592e-06 1.212538e+00  11.1%
Combinational        4.036830e+00 5.094311e+00 5.564554e-06 9.131147e+00  83.6%
Clock                3.334420e-01 2.327412e-01 2.804155e-07 5.661835e-01   5.2%
Macro                0.000000e+00 0.000000e+00 0.000000e+00 0.000000e+00   0.0%
Pad                  0.000000e+00 0.000000e+00 0.000000e+00 0.000000e+00   0.0%
------------------------------------------------------------------------
Total                5.356501e+00 5.560917e+00 7.885772e-06 1.091743e+01 100.0%
                            49.1%        50.9%         0.0%
Writing metric power__internal__total: 5.356500625610352
Writing metric power__switching__total: 5.560916900634766
Writing metric power__leakage__total: 7.88577199273277e-6
Writing metric power__total: 10.917425155639648

