
===========================================================================
 report_power
============================================================================
======================= nom_tt_025C_1v80 Corner ===================================

Group                    Internal    Switching      Leakage        Total
                            Power        Power        Power        Power (Watts)
------------------------------------------------------------------------
Sequential           1.027103e+00 1.920511e-01 2.178313e-06 1.219156e+00  11.6%
Combinational        3.947267e+00 4.718048e+00 5.616992e-06 8.665320e+00  82.6%
Clock                3.613323e-01 2.424457e-01 3.044595e-07 6.037783e-01   5.8%
Macro                0.000000e+00 0.000000e+00 0.000000e+00 0.000000e+00   0.0%
Pad                  0.000000e+00 0.000000e+00 0.000000e+00 0.000000e+00   0.0%
------------------------------------------------------------------------
Total                5.344694e+00 5.152336e+00 8.112580e-06 1.049704e+01 100.0%
                            50.9%        49.1%         0.0%
Writing metric power__internal__total: 5.344694137573242
Writing metric power__switching__total: 5.1523356437683105
Writing metric power__leakage__total: 8.1125799624715e-6
Writing metric power__total: 10.497038841247559

