
===========================================================================
 report_power
============================================================================
======================= nom_tt_025C_1v80 Corner ===================================

Group                    Internal    Switching      Leakage        Total
                            Power        Power        Power        Power (Watts)
------------------------------------------------------------------------
Sequential           1.091332e+00 2.131078e-01 2.311922e-06 1.304442e+00  12.6%
Combinational        3.814391e+00 4.637763e+00 5.839197e-06 8.452159e+00  81.8%
Clock                3.212218e-01 2.492059e-01 2.810693e-07 5.704281e-01   5.5%
Macro                0.000000e+00 0.000000e+00 0.000000e+00 0.000000e+00   0.0%
Pad                  0.000000e+00 0.000000e+00 0.000000e+00 0.000000e+00   0.0%
------------------------------------------------------------------------
Total                5.235477e+00 5.100113e+00 8.452674e-06 1.033560e+01 100.0%
                            50.7%        49.3%         0.0%
Writing metric power__internal__total: 5.235477447509766
Writing metric power__switching__total: 5.100113391876221
Writing metric power__leakage__total: 8.452673682768364e-6
Writing metric power__total: 10.335598945617676

