Reading timing models for corner nom_tt_025C_1v80…
Reading timing library for the 'nom_tt_025C_1v80' corner at '/home/wrcunnin/.ciel/ciel/sky130/versions/8afc8346a57fe1ab7934ba5a6056ea8b43078e71/sky130A/libs.ref/sky130_fd_sc_hd/lib/sky130_fd_sc_hd__tt_025C_1v80.lib'…
Reading OpenROAD database at '/home/wrcunnin/socet/tinyNoCs/scripts/synth-fifo-basic-w64-d16/runs/RUN_2026-09-26_15-16-19/53-odb-cellfrequencytables/fifo_basic_w81_d16.odb'…
Reading design constraints file at '/nix/store/33pw6r3szpqrlxwi0ri36rfq68whzq26-python3-3.13.9-env/lib/python3.13/site-packages/librelane/scripts/base.sdc'…
[INFO] Using clock CLK…
[INFO] Setting output delay to: 20.0
[INFO] Setting input delay to: 20.0
[INFO] Setting load to: 0.033442
[INFO] Setting clock uncertainty to: 0.25
[INFO] Setting clock transition to: 0.1499999999999999944488848768742172978818416595458984375
[INFO] Setting timing derate to: 5.0%
[INFO] Using voltage extracted from lib (1.8000000000V) for power nets and 0V for ground nets…
%OL_CREATE_REPORT irdrop.rpt
+ analyze_power_grid -net VPWR -voltage_file /home/wrcunnin/socet/tinyNoCs/scripts/synth-fifo-basic-w64-d16/runs/RUN_2026-09-26_15-16-19/56-openroad-irdropreport/net-VPWR.csv
[INFO PSM-0040] All shapes on net VPWR are connected.
########## IR report #################
Net              : VPWR
Corner           : nom_tt_025C_1v80
Total power      : 3.25e-03 W
Supply voltage   : 1.80e+00 V
Worstcase voltage: 1.80e+00 V
Average voltage  : 1.80e+00 V
Average IR drop  : 5.26e-05 V
Worstcase IR drop: 1.40e-04 V
Percentage drop  : 0.01 %
######################################
+ analyze_power_grid -net VGND -voltage_file /home/wrcunnin/socet/tinyNoCs/scripts/synth-fifo-basic-w64-d16/runs/RUN_2026-09-26_15-16-19/56-openroad-irdropreport/net-VGND.csv
[INFO PSM-0040] All shapes on net VGND are connected.
########## IR report #################
Net              : VGND
Corner           : nom_tt_025C_1v80
Total power      : 3.25e-03 W
Supply voltage   : 0.00e+00 V
Worstcase voltage: 1.36e-04 V
Average voltage  : 5.16e-05 V
Average IR drop  : 5.16e-05 V
Worstcase IR drop: 1.36e-04 V
Percentage drop  : 0.01 %
######################################
%OL_END_REPORT
