┏━━━━━━━━━━━━━━━━━━━━━━┳━━━━━━━━━━┳━━━━━━━━━━┳━━━━━━━━━━┳━━━━━━━━━━┳━━━━━━━━━━━┳━━━━━━━━━━┳━━━━━━━━━━━┳━━━━━━━━━━┳━━━━━━━━━━━┳━━━━━━━━━━┳━━━━━━━━━━━┳━━━━━━━━━━┓
┃                      ┃ Hold     ┃ Reg to   ┃          ┃          ┃ of which  ┃ Setup    ┃           ┃          ┃           ┃ of which ┃           ┃          ┃
┃                      ┃ Worst    ┃ Reg      ┃          ┃ Hold Vio ┃ reg to    ┃ Worst    ┃ Reg to    ┃ Setup    ┃ Setup Vio ┃ reg to   ┃ Max Cap   ┃ Max Slew ┃
┃ Corner/Group         ┃ Slack    ┃ Paths    ┃ Hold TNS ┃ Count    ┃ reg       ┃ Slack    ┃ Reg Paths ┃ TNS      ┃ Count     ┃ reg      ┃ Violatio… ┃ Violati… ┃
┡━━━━━━━━━━━━━━━━━━━━━━╇━━━━━━━━━━╇━━━━━━━━━━╇━━━━━━━━━━╇━━━━━━━━━━╇━━━━━━━━━━━╇━━━━━━━━━━╇━━━━━━━━━━━╇━━━━━━━━━━╇━━━━━━━━━━━╇━━━━━━━━━━╇━━━━━━━━━━━╇━━━━━━━━━━┩
│ Overall              │ 0.1040   │ 0.1040   │ 0.0000   │ 0        │ 0         │ 65.2686  │ N/A       │ 0.0000   │ 0         │ 0        │ 2         │ 1590     │
│ nom_tt_025C_1v80     │ 0.3102   │ 0.3102   │ 0.0000   │ 0        │ 0         │ 72.2408  │ N/A       │ 0.0000   │ 0         │ 0        │ 1         │ 9        │
│ nom_ss_100C_1v60     │ 0.8856   │ 0.8856   │ 0.0000   │ 0        │ 0         │ 65.8192  │ N/A       │ 0.0000   │ 0         │ 0        │ 1         │ 1066     │
│ nom_ff_n40C_1v95     │ 0.1053   │ 0.1053   │ 0.0000   │ 0        │ 0         │ 74.7966  │ N/A       │ 0.0000   │ 0         │ 0        │ 1         │ 0        │
│ min_tt_025C_1v80     │ 0.3085   │ 0.3085   │ 0.0000   │ 0        │ 0         │ 72.5587  │ N/A       │ 0.0000   │ 0         │ 0        │ 1         │ 9        │
│ min_ss_100C_1v60     │ 0.8829   │ 0.8829   │ 0.0000   │ 0        │ 0         │ 66.3932  │ N/A       │ 0.0000   │ 0         │ 0        │ 1         │ 636      │
│ min_ff_n40C_1v95     │ 0.1040   │ 0.1040   │ 0.0000   │ 0        │ 0         │ 75.0080  │ N/A       │ 0.0000   │ 0         │ 0        │ 1         │ 0        │
│ max_tt_025C_1v80     │ 0.3124   │ 0.3124   │ 0.0000   │ 0        │ 0         │ 71.9330  │ N/A       │ 0.0000   │ 0         │ 0        │ 1         │ 20       │
│ max_ss_100C_1v60     │ 0.8894   │ 0.8894   │ 0.0000   │ 0        │ 0         │ 65.2686  │ N/A       │ 0.0000   │ 0         │ 0        │ 2         │ 1590     │
│ max_ff_n40C_1v95     │ 0.1070   │ 0.1070   │ 0.0000   │ 0        │ 0         │ 74.5922  │ N/A       │ 0.0000   │ 0         │ 0        │ 1         │ 0        │
└──────────────────────┴──────────┴──────────┴──────────┴──────────┴───────────┴──────────┴───────────┴──────────┴───────────┴──────────┴───────────┴──────────┘
