
===========================================================================
 report_power
============================================================================
======================= nom_tt_025C_1v80 Corner ===================================

Group                    Internal    Switching      Leakage        Total
                            Power        Power        Power        Power (Watts)
------------------------------------------------------------------------
Sequential           1.021430e+00 2.236772e-01 2.121609e-06 1.245109e+00  12.2%
Combinational        3.839349e+00 4.559738e+00 5.578436e-06 8.399094e+00  82.0%
Clock                3.437414e-01 2.417350e-01 2.901593e-07 5.854767e-01   5.7%
Macro                0.000000e+00 0.000000e+00 0.000000e+00 0.000000e+00   0.0%
Pad                  0.000000e+00 0.000000e+00 0.000000e+00 0.000000e+00   0.0%
------------------------------------------------------------------------
Total                5.213042e+00 5.024744e+00 7.999340e-06 1.023779e+01 100.0%
                            50.9%        49.1%         0.0%
Writing metric power__internal__total: 5.21304178237915
Writing metric power__switching__total: 5.024744033813477
Writing metric power__leakage__total: 7.999339686648455e-6
Writing metric power__total: 10.23779296875

